Application failed on port 80: The app reports starting its HTTP server on 0.0.0.0:8080, but the host has never reached port 80 after 203 seconds, indicating a persistent port-mapping/listening-port mismatch rather than normal star

Container logs:
app-1  | level=INFO msg="Running database migrations" current_version=0 latest_version=128
app-1  | level=INFO msg="Starting HTTP server" listen_address=0.0.0.0:8080
db-1   | The files belonging to this database system will be owned by user "postgres".
db-1   | This user must also own the server process.
db-1   | 
db-1   | The database cluster will be initialized with locale "en_US.utf8".
db-1   | The default database encoding has accordingly been set to "UTF8".
db-1   | The default text search configuration will be set to "english".
db-1   | 
db-1   | Data page checksums are disabled.
db-1   | 
db-1   | fixing permissions on existing directory /var/lib/postgresql/data ... ok
db-1   | creating subdirectories ... ok
db-1   | selecting dynamic shared memory implementation ... posix
db-1   | selecting default max_connections ... 100
db-1   | selecting default shared_buffers ... 128MB
db-1   | selecting default time zone ... UTC
db-1   | creating configuration files ... ok
db-1   | running bootstrap script ... ok
db-1   | sh: locale: not found
db-1   | 2026-04-29 15:11:44.265 UTC [35] WARNING:  no usable system locales were found
db-1   | performing post-bootstrap initialization ... ok
db-1   | initdb: warning: enabling "trust" authentication for local connections
db-1   | initdb: hint: You can change this by editing pg_hba.conf or using the option -A, or --auth-local and --auth-host, the next time you run initdb.
db-1   | syncing data to disk ... ok
db-1   | 
db-1   | 
db-1   | Success. You can now start the database server using:
db-1   | 
db-1   |     pg_ctl -D /var/lib/postgresql/data -l logfile start
db-1   | 
db-1   | waiting for server to start....2026-04-29 15:11:44.571 UTC [41] LOG:  starting PostgreSQL 16.13 on x86_64-pc-linux-musl, compiled by gcc (Alpine 15.2.0) 15.2.0, 64-bit
db-1   | 2026-04-29 15:11:44.572 UTC [41] LOG:  listening on Unix socket "/var/run/postgresql/.s.PGSQL.5432"
db-1   | 2026-04-29 15:11:44.576 UTC [44] LOG:  database system was shut down at 2026-04-29 15:11:44 UTC
db-1   | 2026-04-29 15:11:44.580 UTC [41] LOG:  database system is ready to accept connections
db-1   |  done
db-1   | server started
db-1   | CREATE DATABASE
db-1   | 
db-1   | 
db-1   | /usr/local/bin/docker-entrypoint.sh: ignoring /docker-entrypoint-initdb.d/*
db-1   | 
db-1   | waiting for server to shut down....2026-04-29 15:11:44.696 UTC [41] LOG:  received fast shutdown request
db-1   | 2026-04-29 15:11:44.697 UTC [41] LOG:  aborting any active transactions
db-1   | 2026-04-29 15:11:44.700 UTC [41] LOG:  background worker "logical replication launcher" (PID 47) exited with exit code 1
db-1   | 2026-04-29 15:11:44.700 UTC [42] LOG:  shutting down
db-1   | 2026-04-29 15:11:44.700 UTC [42] LOG:  checkpoint starting: shutdown immediate
db-1   | 2026-04-29 15:11:44.725 UTC [42] LOG:  checkpoint complete: wrote 926 buffers (5.7%); 0 WAL file(s) added, 0 removed, 0 recycled; write=0.007 s, sync=0.016 s, total=0.026 s; sync files=301, longest=0.001 s, average=0.001 s; distance=4272 kB, estimate=4272 kB; lsn=0/191E938, redo lsn=0/191E938
db-1   | 2026-04-29 15:11:44.728 UTC [41] LOG:  database system is shut down
db-1   |  done
db-1   | server stopped
db-1   | 
db-1   | PostgreSQL init process complete; ready for start up.
db-1   | 
db-1   | 2026-04-29 15:11:44.810 UTC [1] LOG:  starting PostgreSQL 16.13 on x86_64-pc-linux-musl, compiled by gcc (Alpine 15.2.0) 15.2.0, 64-bit
db-1   | 2026-04-29 15:11:44.810 UTC [1] LOG:  listening on IPv4 address "0.0.0.0", port 5432
db-1   | 2026-04-29 15:11:44.810 UTC [1] LOG:  listening on IPv6 address "::", port 5432
db-1   | 2026-04-29 15:11:44.812 UTC [1] LOG:  listening on Unix socket "/var/run/postgresql/.s.PGSQL.5432"
db-1   | 2026-04-29 15:11:44.815 UTC [57] LOG:  database system was shut down at 2026-04-29 15:11:44 UTC
db-1   | 2026-04-29 15:11:44.818 UTC [1] LOG:  database system is ready to accept connections
db-1   | 2026-04-29 15:11:49.632 UTC [68] ERROR:  relation "schema_version" does not exist at character 21
db-1   | 2026-04-29 15:11:49.632 UTC [68] STATEMENT:  SELECT version FROM schema_version

Container diagnostics:
Port mappings:
8080/tcp -> 0.0.0.0:8080
8080/tcp -> [::]:8080

Network port config:
{"8080/tcp":[{"HostIp":"0.0.0.0","HostPort":"8080"},{"HostIp":"::","HostPort":"8080"}]}

Processes inside container:
PID   USER     TIME  COMMAND
    1 nobody    0:00 /go/src/app/miniflux
   28 nobody    0:00 ps aux

Container stdout/stderr (last 50 lines):
level=INFO msg="Running database migrations" current_version=0 latest_version=128
level=INFO msg="Starting HTTP server" listen_address=0.0.0.0:8080

Application logs inside container:
OCI runtime exec failed: exec failed: unable to start container process: exec: "bash": executable file not found in $PATH